2017/11/21 李辉

  版本更新：FIPS V1.25

  一 新的功能
  1. 添加条码识别功能，包括一维码和二维码的识别


2017/04/25 李辉

  版本更新：FIPS V1.24

  一 新的功能
  1. 添加画板数字识别演示程序NumOCR

  二 设置优化 
  1. 在项目设置中使用相对路径来调用头文件目录及依赖库目录


2017/02/04 李辉

  版本更新：FIPS V1.23

  一 新的功能
  1. 使用动态链接库WinUtilityDLL.dll替换源文件WindowsTool.cpp/.h

  二 设置优化 
  1. 把Apps子目录下应用程序FCAM.exe、IBD.exe和OTC.exe合并到FIPS.exe同一目录，避免重复多个OpenCV和QT动态库文件

  三 错误纠正
  1. 修改错别字，差值-->插值


2017/01/28 李辉

  版本更新：FIPS V1.22

  一 新的功能
  1. 添加菜单栏帮助--版本日志选项，通过点击可以查看软件更新日志。


2017/01/27 李辉

  版本更新：FIPS V1.21

  一 新的功能
  1. 整合截图软件HyperSnap V6.0，并显示在工具栏


2016/11/21 李辉

  版本更新：FIPS V1.2

  一 新的功能
  1. 设计并使用新的FIPS图形用户界面GUI，优化菜单栏，添加工具栏，并优化所有子进程的图像用户界面

  2. 重新定义并分类各大模块，添加图像分割、图像检测、图像识别、视频处理、对象追踪等模块

  3. 设计并使用图像处理输入输出基类CImageProcessIO， 极大简化各大模块中的冗余代码
     其中，该模块提供了图像输入、保存、处理、左右图像浏览及使用Windows照片查看器查看所有临时输入输出图像等功能。

  4. 重新规划所有源代码分布，其中包括：
      4.1 添加Apps子目录，包含各类扩展的应用程序
          FCAM：相机接口及测试程序
          IBD：喷墨堵塞检测程序
          OTC：麻袋追踪计数程序
          WT_ANPR：文通车牌自动识别演示程序

      4.2 添加Docus子目录，包含各类说明文本文档

      4.3 添加Pictures子目录，包含图像处理所需的各类实例图像

      4.4 添加resources子目录，包含所有GUI中使用的商标文件

      4.5 添加Tools子目录，包含所有扩展的图像处理工具程序
          BmpViewer：Bmp图像显示工具
          ColorSnap：屏幕色彩像素值捕捉工具


2016/02/16 李辉

  版本更新：FIPS V1.1
  一 新的模块
  1. 添加文通车牌识别模块，但需要文通USB key来解锁运行
  2. 添加喷墨自动监测模块IBD 版本V1.0


2015/08/27

  版本更新：FIPS V1.0

  一 新的功能
  1. 添加直方图显示

  二 设置优化 
  1. 添加程序窗口内右键响应

  三 错误纠正
  1. 纠正fLaplaceSharp42D和fLaplace2D的处理编号错误
  2. 打开图像错误时,不会再出现图片框


2015/08/26

  版本更新：FIPS V1.0

  一 新的功能
  1. 添加新的数字图像处理算法及菜单选项，其中包括：
     空间域图像增强：
       平滑滤波（均值滤波，高斯滤波，中值滤波和双向滤波）
       锐化处理（4邻域拉普拉斯锐化）
     形态学图像处理：
       腐蚀，膨胀，开运算，闭运算，形态梯度，顶帽，黑帽
     图像检测：
       角点监测（拉普拉斯变换），边缘检测（Perwitt平均边缘）
  2. 添加QImage到IplImage的变换函数，同时使用openCV库来保存图片
  3. 计算并显示算法消耗时间

  二 设置优化
  1. 优化代码，使用函数代替相似重复代码

  三 错误纠正
  1. 纠正m_pIplImage释放后没有设为空指针引起的判断错误


2015/08/13 李辉

  版本更新：FIPS V1.0

  一 新的功能
    1. 建立项目 FIPS(Flyinguy's Image Process System)。
    2. 完成V1.0版本的用户界面，添加基本功能。
    3. 用户界面包括：菜单，工具栏，状态栏，图像输入输出显示和参数配置以及日志记录等模块。
    4. 基本功能包括：
	4.1 打开和保存图片
        4.2 车牌识别
        4.3 图像基本处理: 几何变换(图像镜像)，灰度变换(均值灰度，最大灰度，人眼灰度)
        4.4 彩色图像处理：彩色变换(RGB到XYZ，RGB到YCrCb，RGB到HSV，RGB到Luv
